#! /opt/homebrew/Cellar/icarus-verilog/12.0/bin/vvp
:ivl_version "12.0 (stable)";
:ivl_delay_selection "TYPICAL";
:vpi_time_precision - 12;
:vpi_module "/opt/homebrew/Cellar/icarus-verilog/12.0/lib/ivl/system.vpi";
:vpi_module "/opt/homebrew/Cellar/icarus-verilog/12.0/lib/ivl/vhdl_sys.vpi";
:vpi_module "/opt/homebrew/Cellar/icarus-verilog/12.0/lib/ivl/vhdl_textio.vpi";
:vpi_module "/opt/homebrew/Cellar/icarus-verilog/12.0/lib/ivl/v2005_math.vpi";
:vpi_module "/opt/homebrew/Cellar/icarus-verilog/12.0/lib/ivl/va_math.vpi";
:vpi_module "/opt/homebrew/Cellar/icarus-verilog/12.0/lib/ivl/v2009.vpi";
S_0x104fe93f0 .scope package, "$unit" "$unit" 2 1;
 .timescale 0 0;
S_0x104fe9570 .scope module, "tb_4004_baseline" "tb_4004_baseline" 3 2;
 .timescale -9 -12;
v0x7fa87a6c0_0 .var "_ivl_48", 31 0;
v0x7fa87a760_0 .var "a12", 0 0;
v0x7fa87a800_0 .net "acc_0", 0 0, L_0x7fa85a6c0;  1 drivers
v0x7fa87a8a0_0 .net "add_0", 0 0, L_0x7fa85a760;  1 drivers
v0x7fa87a940_0 .net "cmram0", 0 0, L_0x7fb09b720;  1 drivers
v0x7fa87a9e0_0 .net "cmram1", 0 0, L_0x7fb09b410;  1 drivers
v0x7fa87aa80_0 .net "cmram2", 0 0, L_0x7fb09b330;  1 drivers
v0x7fa87ab20_0 .net "cmram3", 0 0, L_0x7fb09b250;  1 drivers
v0x7fa87abc0_0 .net "cmrom", 0 0, L_0x7fb09b800;  1 drivers
v0x7fa87ac60_0 .net "cy_1", 0 0, v0x7fa877520_0;  1 drivers
v0x7fa87ad00_0 .net "data", 3 0, L_0x7fa87c000;  1 drivers
v0x7fa87ada0_0 .var "m12", 0 0;
v0x7fa87ae40_0 .var "poc", 0 0;
v0x7fa87aee0_0 .var "rst_n", 0 0;
v0x7fa87af80_0 .var/2s "seed", 31 0;
v0x7fa87b020_0 .var "sysclk", 0 0;
v0x7fa87b0c0_0 .var "x12", 0 0;
S_0x104fe4be0 .scope module, "u_alu" "alu" 3 37, 4 22 0, S_0x104fe9570;
 .timescale -9 -12;
    .port_info 0 /INPUT 1 "sysclk";
    .port_info 1 /INPUT 1 "a12";
    .port_info 2 /INPUT 1 "m12";
    .port_info 3 /INPUT 1 "x12";
    .port_info 4 /INPUT 1 "poc";
    .port_info 5 /INOUT 4 "data";
    .port_info 6 /OUTPUT 1 "acc_0";
    .port_info 7 /OUTPUT 1 "add_0";
    .port_info 8 /OUTPUT 1 "cy_1";
    .port_info 9 /INPUT 1 "cma";
    .port_info 10 /INPUT 1 "write_acc_1";
    .port_info 11 /INPUT 1 "write_carry_2";
    .port_info 12 /INPUT 1 "read_acc_3";
    .port_info 13 /INPUT 1 "add_group_4";
    .port_info 14 /INPUT 1 "inc_group_5";
    .port_info 15 /INPUT 1 "sub_group_6";
    .port_info 16 /INPUT 1 "ior";
    .port_info 17 /INPUT 1 "iow";
    .port_info 18 /INPUT 1 "ral";
    .port_info 19 /INPUT 1 "rar";
    .port_info 20 /INPUT 1 "ope_n";
    .port_info 21 /INPUT 1 "daa";
    .port_info 22 /INPUT 1 "dcl";
    .port_info 23 /INPUT 1 "inc_isz";
    .port_info 24 /INPUT 1 "kbp";
    .port_info 25 /INPUT 1 "o_ib";
    .port_info 26 /INPUT 1 "tcs";
    .port_info 27 /INPUT 1 "xch";
    .port_info 28 /INPUT 1 "n0342";
    .port_info 29 /INPUT 1 "x21_clk2";
    .port_info 30 /INPUT 1 "x31_clk2";
    .port_info 31 /INPUT 1 "com_n";
    .port_info 32 /OUTPUT 1 "cmram0";
    .port_info 33 /OUTPUT 1 "cmram1";
    .port_info 34 /OUTPUT 1 "cmram2";
    .port_info 35 /OUTPUT 1 "cmram3";
    .port_info 36 /OUTPUT 1 "cmrom";
L_0x104fec9c0 .functor NOT 1, v0x7fa87b0c0_0, C4<0>, C4<0>, C4<0>;
L_0x104fe9210 .functor NOT 1, L_0x104fec9c0, C4<0>, C4<0>, C4<0>;
L_0x7fac54520 .functor BUFT 1, C4<0>, C4<0>, C4<0>, C4<0>;
L_0x104fe9280 .functor NOT 1, L_0x7fac54520, C4<0>, C4<0>, C4<0>;
L_0x7fac54718 .functor BUFT 1, C4<0>, C4<0>, C4<0>, C4<0>;
L_0x104fe9030 .functor OR 1, L_0x7fac54718, L_0x104fe9280, C4<0>, C4<0>;
L_0x104fe90a0 .functor NOT 1, L_0x104fe9030, C4<0>, C4<0>, C4<0>;
L_0x7fac54490 .functor BUFT 1, C4<1>, C4<0>, C4<0>, C4<0>;
L_0x104fe8e50 .functor OR 1, L_0x7fac54718, L_0x7fac54490, C4<0>, C4<0>;
L_0x104fe8ec0 .functor NOT 1, L_0x104fe8e50, C4<0>, C4<0>, C4<0>;
L_0x7fac54568 .functor BUFT 1, C4<0>, C4<0>, C4<0>, C4<0>;
L_0x104fdeee0 .functor NOT 1, L_0x7fac54568, C4<0>, C4<0>, C4<0>;
L_0x7fac54760 .functor BUFT 1, C4<0>, C4<0>, C4<0>, C4<0>;
L_0x104fdef50 .functor OR 1, L_0x7fac54760, L_0x104fdeee0, C4<0>, C4<0>;
L_0x104fe4db0 .functor NOT 1, L_0x104fdef50, C4<0>, C4<0>, C4<0>;
L_0x7fac543b8 .functor BUFT 1, C4<0>, C4<0>, C4<0>, C4<0>;
L_0x104fe4e20 .functor NOT 1, L_0x7fac543b8, C4<0>, C4<0>, C4<0>;
L_0x104fdc0b0 .functor OR 1, L_0x7fac54760, L_0x104fe4e20, C4<0>, C4<0>;
L_0x104fdc120 .functor NOT 1, L_0x104fdc0b0, C4<0>, C4<0>, C4<0>;
L_0x7fac54688 .functor BUFT 1, C4<0>, C4<0>, C4<0>, C4<0>;
L_0x7fb098000 .functor NOT 1, L_0x7fac54688, C4<0>, C4<0>, C4<0>;
L_0x7fb098070 .functor OR 1, L_0x7fac54760, L_0x7fb098000, C4<0>, C4<0>;
L_0x7fb0980e0 .functor NOT 1, L_0x7fac543b8, C4<0>, C4<0>, C4<0>;
L_0x7fb098150 .functor OR 1, L_0x7fac54718, L_0x7fb0980e0, C4<0>, C4<0>;
L_0x7fb0981c0 .functor AND 1, L_0x7fb098070, L_0x7fb098150, C4<1>, C4<1>;
L_0x7fb098230 .functor NOT 1, L_0x7fb0981c0, C4<0>, C4<0>, C4<0>;
L_0x7fb0982a0 .functor NOT 1, L_0x7fac54760, C4<0>, C4<0>, C4<0>;
L_0x7fac54370 .functor BUFT 1, C4<0>, C4<0>, C4<0>, C4<0>;
L_0x7fb098310 .functor NOT 1, L_0x7fac54370, C4<0>, C4<0>, C4<0>;
L_0x7fb098380 .functor AND 1, L_0x7fb0982a0, L_0x7fb098310, C4<1>, C4<1>;
L_0x7fb0983f0 .functor AND 1, v0x7fa87a760_0, L_0x7fac54370, C4<1>, C4<1>;
L_0x7fb098460 .functor OR 1, L_0x7fb098380, L_0x7fb0983f0, C4<0>, C4<0>;
L_0x7fb0984d0 .functor NOT 1, L_0x7fb098460, C4<0>, C4<0>, C4<0>;
L_0x7fac54208 .functor BUFT 1, C4<0>, C4<0>, C4<0>, C4<0>;
L_0x7fb098540 .functor OR 1, L_0x7fac54208, L_0x7fb0984d0, C4<0>, C4<0>;
L_0x7fb0985b0 .functor NOT 1, L_0x7fb098540, C4<0>, C4<0>, C4<0>;
L_0x7fac541c0 .functor BUFT 1, C4<0>, C4<0>, C4<0>, C4<0>;
L_0x7fb098620 .functor OR 1, L_0x7fac541c0, L_0x7fb0984d0, C4<0>, C4<0>;
L_0x7fb098690 .functor NOT 1, L_0x7fb098620, C4<0>, C4<0>, C4<0>;
L_0x7fac54448 .functor BUFT 1, C4<0>, C4<0>, C4<0>, C4<0>;
L_0x7fb098700 .functor NOT 1, L_0x7fac54448, C4<0>, C4<0>, C4<0>;
L_0x7fb098770 .functor OR 1, L_0x7fac54760, L_0x7fb098700, C4<0>, C4<0>;
L_0x7fb0987e0 .functor NOT 1, L_0x7fb098770, C4<0>, C4<0>, C4<0>;
L_0x7fac54400 .functor BUFT 1, C4<0>, C4<0>, C4<0>, C4<0>;
L_0x7fb098850 .functor NOT 1, L_0x7fac54400, C4<0>, C4<0>, C4<0>;
L_0x7fb0988c0 .functor OR 1, L_0x7fac54760, L_0x7fb098850, C4<0>, C4<0>;
L_0x7fb098930 .functor NOT 1, L_0x7fb0988c0, C4<0>, C4<0>, C4<0>;
L_0x7fac54178 .functor BUFT 1, C4<0>, C4<0>, C4<0>, C4<0>;
L_0x7fb0989a0 .functor NOT 1, L_0x7fac54178, C4<0>, C4<0>, C4<0>;
L_0x7fac546d0 .functor BUFT 1, C4<1>, C4<0>, C4<0>, C4<0>;
L_0x7fb098a10 .functor OR 1, L_0x7fb0989a0, L_0x7fac546d0, C4<0>, C4<0>;
L_0x7fb098a80 .functor NOT 1, L_0x7fb098a10, C4<0>, C4<0>, C4<0>;
L_0x7fac54250 .functor BUFT 1, C4<0>, C4<0>, C4<0>, C4<0>;
L_0x7fb098af0 .functor OR 1, L_0x7fac54250, L_0x7fac546d0, C4<0>, C4<0>;
L_0x7fb098b60 .functor NOT 1, L_0x7fb098af0, C4<0>, C4<0>, C4<0>;
L_0x7fac54298 .functor BUFT 1, C4<0>, C4<0>, C4<0>, C4<0>;
L_0x7fb098bd0 .functor OR 1, L_0x7fac54298, L_0x7fac546d0, C4<0>, C4<0>;
L_0x7fb098c40 .functor NOT 1, L_0x7fb098bd0, C4<0>, C4<0>, C4<0>;
L_0x7fac54328 .functor BUFT 1, C4<0>, C4<0>, C4<0>, C4<0>;
L_0x7fb098cb0 .functor OR 1, L_0x7fac54328, L_0x7fac546d0, C4<0>, C4<0>;
L_0x7fb098d20 .functor NOT 1, L_0x7fb098cb0, C4<0>, C4<0>, C4<0>;
L_0x7fac542e0 .functor BUFT 1, C4<0>, C4<0>, C4<0>, C4<0>;
L_0x7fb098d90 .functor OR 1, L_0x7fac542e0, L_0x7fac546d0, C4<0>, C4<0>;
L_0x7fb098e00 .functor NOT 1, L_0x7fb098d90, C4<0>, C4<0>, C4<0>;
L_0x7fb098e70 .functor OR 1, v0x7fa8797c0_0, v0x7fa8792c0_0, C4<0>, C4<0>;
L_0x7fb098ee0 .functor AND 1, v0x7fa8797c0_0, v0x7fa8792c0_0, C4<1>, C4<1>;
L_0x7fb098f50 .functor NOT 1, L_0x7fb080140, C4<0>, C4<0>, C4<0>;
L_0x104fe4e90 .functor BUFZ 1, L_0x7fb098f50, C4<0>, C4<0>, C4<0>;
L_0x7fb098fc0 .functor OR 1, v0x7fa879860_0, v0x7fa879360_0, C4<0>, C4<0>;
L_0x7fb099030 .functor AND 1, v0x7fa879860_0, v0x7fa879360_0, C4<1>, C4<1>;
L_0x7fb0990a0 .functor NOT 1, L_0x7fb0801e0, C4<0>, C4<0>, C4<0>;
L_0x104fdc190 .functor BUFZ 1, L_0x7fb0990a0, C4<0>, C4<0>, C4<0>;
L_0x7fb099110 .functor OR 1, v0x7fa879900_0, v0x7fa879400_0, C4<0>, C4<0>;
L_0x7fb099180 .functor AND 1, v0x7fa879900_0, v0x7fa879400_0, C4<1>, C4<1>;
L_0x7fb0991f0 .functor NOT 1, L_0x7fb080280, C4<0>, C4<0>, C4<0>;
L_0x104fdc200 .functor BUFZ 1, L_0x7fb0991f0, C4<0>, C4<0>, C4<0>;
L_0x7fb099260 .functor OR 1, v0x7fa8799a0_0, v0x7fa8794a0_0, C4<0>, C4<0>;
L_0x7fb0992d0 .functor AND 1, v0x7fa8799a0_0, v0x7fa8794a0_0, C4<1>, C4<1>;
L_0x7fb099340 .functor NOT 1, L_0x7fb080320, C4<0>, C4<0>, C4<0>;
L_0x104fdc270 .functor BUFZ 1, L_0x7fb099340, C4<0>, C4<0>, C4<0>;
L_0x7fb0993b0 .functor AND 1, v0x7fa8799a0_0, L_0x104fdc200, C4<1>, C4<1>;
L_0x7fb099420 .functor AND 1, L_0x7fb0993b0, v0x7fa8794a0_0, C4<1>, C4<1>;
L_0x7fb099490 .functor OR 1, v0x7fa8799a0_0, v0x7fa8794a0_0, C4<0>, C4<0>;
L_0x7fb099500 .functor OR 1, L_0x7fb099490, L_0x104fdc200, C4<0>, C4<0>;
L_0x7fb099570 .functor AND 1, L_0x104fdc270, L_0x7fb099500, C4<1>, C4<1>;
L_0x7fb0995e0 .functor OR 1, L_0x7fb099420, L_0x7fb099570, C4<0>, C4<0>;
L_0x7fb099650 .functor NOT 1, L_0x7fb0995e0, C4<0>, C4<0>, C4<0>;
L_0x7fb0996c0 .functor AND 1, L_0x7fb099650, v0x7fa878aa0_0, C4<1>, C4<1>;
L_0x7fb099730 .functor AND 1, L_0x7fb0996c0, v0x7fa8792c0_0, C4<1>, C4<1>;
L_0x7fb0997a0 .functor OR 1, v0x7fa8797c0_0, v0x7fa8792c0_0, C4<0>, C4<0>;
L_0x7fb099810 .functor OR 1, L_0x7fb0997a0, v0x7fa878aa0_0, C4<0>, C4<0>;
L_0x7fb099880 .functor AND 1, L_0x104fe4e90, L_0x7fb099810, C4<1>, C4<1>;
L_0x7fb0998f0 .functor OR 1, L_0x7fb099730, L_0x7fb099880, C4<0>, C4<0>;
L_0x7fb099960 .functor NOT 1, L_0x7fb0998f0, C4<0>, C4<0>, C4<0>;
L_0x7fb0999d0 .functor AND 1, v0x7fa879860_0, L_0x104fe4e90, C4<1>, C4<1>;
L_0x7fb099a40 .functor AND 1, L_0x7fb0999d0, v0x7fa879360_0, C4<1>, C4<1>;
L_0x7fb099ab0 .functor OR 1, v0x7fa879860_0, v0x7fa879360_0, C4<0>, C4<0>;
L_0x7fb099b20 .functor OR 1, L_0x7fb099ab0, L_0x104fe4e90, C4<0>, C4<0>;
L_0x7fb099b90 .functor AND 1, L_0x104fdc190, L_0x7fb099b20, C4<1>, C4<1>;
L_0x7fb099c00 .functor OR 1, L_0x7fb099a40, L_0x7fb099b90, C4<0>, C4<0>;
L_0x7fb099c70 .functor NOT 1, L_0x7fb099c00, C4<0>, C4<0>, C4<0>;
L_0x7fb099ce0 .functor AND 1, v0x7fa879900_0, L_0x104fdc190, C4<1>, C4<1>;
L_0x7fb099d50 .functor AND 1, L_0x7fb099ce0, v0x7fa879400_0, C4<1>, C4<1>;
L_0x7fb099dc0 .functor OR 1, v0x7fa879900_0, v0x7fa879400_0, C4<0>, C4<0>;
L_0x7fb099e30 .functor OR 1, L_0x7fb099dc0, L_0x104fdc190, C4<0>, C4<0>;
L_0x7fb099ea0 .functor AND 1, L_0x104fdc200, L_0x7fb099e30, C4<1>, C4<1>;
L_0x7fb099f10 .functor OR 1, L_0x7fb099d50, L_0x7fb099ea0, C4<0>, C4<0>;
L_0x7fb099f80 .functor NOT 1, L_0x7fb099f10, C4<0>, C4<0>, C4<0>;
L_0x7fb099ff0 .functor NOT 1, L_0x7fb099960, C4<0>, C4<0>, C4<0>;
L_0x104fdc2e0 .functor BUFZ 1, L_0x7fb099c70, C4<0>, C4<0>, C4<0>;
L_0x7fb09a060 .functor NOT 1, L_0x7fb099f80, C4<0>, C4<0>, C4<0>;
L_0x104fdc350 .functor BUFZ 1, L_0x7fb099650, C4<0>, C4<0>, C4<0>;
L_0x7fb09a0d0 .functor OR 1, L_0x7fa85ab20, L_0x7fa85a620, C4<0>, C4<0>;
L_0x7fb09a140 .functor AND 1, L_0x7fa85aa80, L_0x7fb09a0d0, C4<1>, C4<1>;
L_0x7fb09a1b0 .functor OR 1, L_0x7fb09a140, v0x7fa877520_0, C4<0>, C4<0>;
L_0x7fb09a220 .functor NOT 1, L_0x7fb09a1b0, C4<0>, C4<0>, C4<0>;
L_0x7fac544d8 .functor BUFT 1, C4<0>, C4<0>, C4<0>, C4<0>;
L_0x7fb09a290 .functor NOT 1, L_0x7fac544d8, C4<0>, C4<0>, C4<0>;
L_0x7fb09a300 .functor OR 1, L_0x7fb09a290, L_0x7fb09a220, C4<0>, C4<0>;
L_0x7fb09a370 .functor NOT 1, L_0x7fb09a300, C4<0>, C4<0>, C4<0>;
L_0x7fb09a3e0 .functor AND 1, L_0x7fac544d8, L_0x7fb09a220, C4<1>, C4<1>;
L_0x7fac545f8 .functor BUFT 1, C4<0>, C4<0>, C4<0>, C4<0>;
L_0x7fb09a450 .functor OR 1, L_0x7fb09a3e0, L_0x7fac545f8, C4<0>, C4<0>;
L_0x7fb09a4c0 .functor NOT 1, L_0x7fb09a450, C4<0>, C4<0>, C4<0>;
L_0x7fac545b0 .functor BUFT 1, C4<0>, C4<0>, C4<0>, C4<0>;
L_0x7fb09a530 .functor AND 1, L_0x7fac545b0, L_0x7fb0803c0, C4<1>, C4<1>;
L_0x7fb09a5a0 .functor AND 1, L_0x7fac545b0, L_0x7fb080460, C4<1>, C4<1>;
L_0x7fb09a610 .functor AND 1, L_0x7fac545b0, L_0x7fb080500, C4<1>, C4<1>;
L_0x7fb09a680 .functor AND 1, L_0x7fac545b0, L_0x7fb0805a0, C4<1>, C4<1>;
L_0x7fb09a6f0 .functor AND 1, L_0x7fac545b0, L_0x7fb080640, C4<1>, C4<1>;
L_0x7fb09a760 .functor NOT 1, L_0x7fb09a4c0, C4<0>, C4<0>, C4<0>;
L_0x7fb09a7d0 .functor OR 1, L_0x7fb09a6f0, L_0x7fb09a760, C4<0>, C4<0>;
L_0x7fb09a840 .functor OR 1, L_0x7fb09a530, L_0x7fb09a5a0, C4<0>, C4<0>;
L_0x7fb09a8b0 .functor OR 1, L_0x7fb09a840, L_0x7fb09a610, C4<0>, C4<0>;
L_0x7fb09a920 .functor OR 1, L_0x7fb09a8b0, L_0x7fb09a680, C4<0>, C4<0>;
L_0x7fb09a990 .functor OR 1, L_0x7fb09a920, L_0x7fb09a7d0, C4<0>, C4<0>;
L_0x7fb09aa00 .functor OR 1, L_0x7fb09a990, L_0x7fb09a370, C4<0>, C4<0>;
L_0x7fb09aa70 .functor NOT 1, L_0x7fb09aa00, C4<0>, C4<0>, C4<0>;
L_0x7fb09aae0 .functor OR 1, L_0x7fb09a5a0, L_0x7fb09a610, C4<0>, C4<0>;
L_0x7fb09ab50 .functor OR 1, L_0x7fb09aae0, L_0x7fb09a680, C4<0>, C4<0>;
L_0x7fb09abc0 .functor OR 1, L_0x7fb09ab50, L_0x7fb09a7d0, C4<0>, C4<0>;
L_0x7fac54640 .functor BUFT 1, C4<0>, C4<0>, C4<0>, C4<0>;
L_0x7fb09ac30 .functor OR 1, L_0x7fb09abc0, L_0x7fac54640, C4<0>, C4<0>;
L_0x7fb09aca0 .functor NOT 1, L_0x7fb09ac30, C4<0>, C4<0>, C4<0>;
L_0x7fb09ad10 .functor OR 1, L_0x7fb09a530, L_0x7fb09a680, C4<0>, C4<0>;
L_0x7fb09ad80 .functor OR 1, L_0x7fb09ad10, L_0x7fb09a7d0, C4<0>, C4<0>;
L_0x7fb09adf0 .functor OR 1, L_0x7fb09ad80, L_0x7fac54640, C4<0>, C4<0>;
L_0x7fb09ae60 .functor NOT 1, L_0x7fb09adf0, C4<0>, C4<0>, C4<0>;
L_0x7fb09aed0 .functor OR 1, L_0x7fb09a530, L_0x7fb09a610, C4<0>, C4<0>;
L_0x7fb09af40 .functor OR 1, L_0x7fb09aed0, L_0x7fb09a7d0, C4<0>, C4<0>;
L_0x7fb09afb0 .functor OR 1, L_0x7fb09af40, L_0x7fb09a370, C4<0>, C4<0>;
L_0x7fb09b020 .functor NOT 1, L_0x7fb09afb0, C4<0>, C4<0>, C4<0>;
L_0x7fa87c000 .functor BUFZ 4, v0x7fa877980_0, C4<0000>, C4<0000>, C4<0000>;
L_0x7fb09b090 .functor NOT 1, L_0x7fa85a800, C4<0>, C4<0>, C4<0>;
L_0x7fb09b100 .functor NOT 1, L_0x7fa85a8a0, C4<0>, C4<0>, C4<0>;
L_0x7fb09b170 .functor NOT 1, L_0x7fa85a940, C4<0>, C4<0>, C4<0>;
L_0x7fac547a8 .functor BUFT 1, C4<1>, C4<0>, C4<0>, C4<0>;
L_0x7fb09b1e0 .functor OR 1, L_0x7fac547a8, v0x7fa878d20_0, C4<0>, C4<0>;
L_0x7fb09b250 .functor NOT 1, L_0x7fb09b1e0, C4<0>, C4<0>, C4<0>;
L_0x7fb09b2c0 .functor OR 1, L_0x7fac547a8, v0x7fa878dc0_0, C4<0>, C4<0>;
L_0x7fb09b330 .functor NOT 1, L_0x7fb09b2c0, C4<0>, C4<0>, C4<0>;
L_0x7fb09b3a0 .functor OR 1, L_0x7fac547a8, v0x7fa878e60_0, C4<0>, C4<0>;
L_0x7fb09b410 .functor NOT 1, L_0x7fb09b3a0, C4<0>, C4<0>, C4<0>;
L_0x7fb09b480 .functor NOT 1, v0x7fa878d20_0, C4<0>, C4<0>, C4<0>;
L_0x7fb09b4f0 .functor OR 1, L_0x7fac547a8, L_0x7fb09b480, C4<0>, C4<0>;
L_0x7fb09b560 .functor NOT 1, v0x7fa878dc0_0, C4<0>, C4<0>, C4<0>;
L_0x7fb09b5d0 .functor OR 1, L_0x7fb09b4f0, L_0x7fb09b560, C4<0>, C4<0>;
L_0x7fb09b640 .functor NOT 1, v0x7fa878e60_0, C4<0>, C4<0>, C4<0>;
L_0x7fb09b6b0 .functor OR 1, L_0x7fb09b5d0, L_0x7fb09b640, C4<0>, C4<0>;
L_0x7fb09b720 .functor NOT 1, L_0x7fb09b6b0, C4<0>, C4<0>, C4<0>;
L_0x7fb09b790 .functor OR 1, L_0x7fac547a8, v0x7fa87ae40_0, C4<0>, C4<0>;
L_0x7fb09b800 .functor NOT 1, L_0x7fb09b790, C4<0>, C4<0>, C4<0>;
v0x7fa831e00_0 .net *"_ivl_0", 0 0, L_0x104fec9c0;  1 drivers
v0x7fa831ea0_0 .net *"_ivl_10", 0 0, L_0x104fe8e50;  1 drivers
v0x7fa831f40_0 .net *"_ivl_102", 0 0, L_0x7fb098fc0;  1 drivers
v0x7fa831fe0_0 .net *"_ivl_104", 0 0, L_0x7fb099030;  1 drivers
v0x7fa832080_0 .net *"_ivl_106", 0 0, L_0x7fb0801e0;  1 drivers
v0x7fa832120_0 .net *"_ivl_112", 0 0, L_0x7fb099110;  1 drivers
v0x7fa8321c0_0 .net *"_ivl_114", 0 0, L_0x7fb099180;  1 drivers
v0x7fa832260_0 .net *"_ivl_116", 0 0, L_0x7fb080280;  1 drivers
v0x7fa832300_0 .net *"_ivl_122", 0 0, L_0x7fb099260;  1 drivers
v0x7fa8323a0_0 .net *"_ivl_124", 0 0, L_0x7fb0992d0;  1 drivers
v0x7fa832440_0 .net *"_ivl_126", 0 0, L_0x7fb080320;  1 drivers
v0x7fa8324e0_0 .net *"_ivl_132", 0 0, L_0x7fb0993b0;  1 drivers
v0x7fa832580_0 .net *"_ivl_134", 0 0, L_0x7fb099420;  1 drivers
v0x7fa832620_0 .net *"_ivl_136", 0 0, L_0x7fb099490;  1 drivers
v0x7fa8326c0_0 .net *"_ivl_138", 0 0, L_0x7fb099500;  1 drivers
v0x7fa832760_0 .net *"_ivl_14", 0 0, L_0x104fdeee0;  1 drivers
v0x7fa832800_0 .net *"_ivl_140", 0 0, L_0x7fb099570;  1 drivers
v0x7fa8328a0_0 .net *"_ivl_142", 0 0, L_0x7fb0995e0;  1 drivers
v0x7fa832940_0 .net *"_ivl_146", 0 0, L_0x7fb0996c0;  1 drivers
v0x7fa8329e0_0 .net *"_ivl_148", 0 0, L_0x7fb099730;  1 drivers
v0x7fa832a80_0 .net *"_ivl_150", 0 0, L_0x7fb0997a0;  1 drivers
v0x7fa832b20_0 .net *"_ivl_152", 0 0, L_0x7fb099810;  1 drivers
v0x7fa832bc0_0 .net *"_ivl_154", 0 0, L_0x7fb099880;  1 drivers
v0x7fa832c60_0 .net *"_ivl_156", 0 0, L_0x7fb0998f0;  1 drivers
v0x7fa832d00_0 .net *"_ivl_16", 0 0, L_0x104fdef50;  1 drivers
v0x7fa832da0_0 .net *"_ivl_160", 0 0, L_0x7fb0999d0;  1 drivers
v0x7fa832e40_0 .net *"_ivl_162", 0 0, L_0x7fb099a40;  1 drivers
v0x7fa832ee0_0 .net *"_ivl_164", 0 0, L_0x7fb099ab0;  1 drivers
v0x7fa832f80_0 .net *"_ivl_166", 0 0, L_0x7fb099b20;  1 drivers
v0x7fa833020_0 .net *"_ivl_168", 0 0, L_0x7fb099b90;  1 drivers
v0x7fa8330c0_0 .net *"_ivl_170", 0 0, L_0x7fb099c00;  1 drivers
v0x7fa833160_0 .net *"_ivl_174", 0 0, L_0x7fb099ce0;  1 drivers
v0x7fa833200_0 .net *"_ivl_176", 0 0, L_0x7fb099d50;  1 drivers
v0x7fa8332a0_0 .net *"_ivl_178", 0 0, L_0x7fb099dc0;  1 drivers
v0x7fa833340_0 .net *"_ivl_180", 0 0, L_0x7fb099e30;  1 drivers
v0x7fa8333e0_0 .net *"_ivl_182", 0 0, L_0x7fb099ea0;  1 drivers
v0x7fa833480_0 .net *"_ivl_184", 0 0, L_0x7fb099f10;  1 drivers
v0x7fa833520_0 .net *"_ivl_197", 0 0, L_0x7fa85aa80;  1 drivers
v0x7fa8335c0_0 .net *"_ivl_199", 0 0, L_0x7fa85ab20;  1 drivers
v0x7fa833660_0 .net *"_ivl_20", 0 0, L_0x104fe4e20;  1 drivers
v0x7fa833700_0 .net *"_ivl_201", 0 0, L_0x7fa85a620;  1 drivers
v0x7fa8337a0_0 .net *"_ivl_202", 0 0, L_0x7fb09a0d0;  1 drivers
v0x7fa833840_0 .net *"_ivl_204", 0 0, L_0x7fb09a140;  1 drivers
v0x7fa8338e0_0 .net *"_ivl_206", 0 0, L_0x7fb09a1b0;  1 drivers
v0x7fa833980_0 .net *"_ivl_210", 0 0, L_0x7fb09a290;  1 drivers
v0x7fa833a20_0 .net *"_ivl_212", 0 0, L_0x7fb09a300;  1 drivers
v0x7fa833ac0_0 .net *"_ivl_22", 0 0, L_0x104fdc0b0;  1 drivers
v0x7fa833b60_0 .net *"_ivl_222", 0 0, L_0x7fb09a3e0;  1 drivers
v0x7fa833c00_0 .net *"_ivl_224", 0 0, L_0x7fb09a450;  1 drivers
L_0x7fac54010 .functor BUFT 1, C4<1000>, C4<0>, C4<0>, C4<0>;
v0x7fa833ca0_0 .net/2u *"_ivl_228", 3 0, L_0x7fac54010;  1 drivers
v0x7fa833d40_0 .net *"_ivl_230", 0 0, L_0x7fb0803c0;  1 drivers
L_0x7fac54058 .functor BUFT 1, C4<0100>, C4<0>, C4<0>, C4<0>;
v0x7fa833de0_0 .net/2u *"_ivl_234", 3 0, L_0x7fac54058;  1 drivers
v0x7fa833e80_0 .net *"_ivl_236", 0 0, L_0x7fb080460;  1 drivers
L_0x7fac540a0 .functor BUFT 1, C4<0010>, C4<0>, C4<0>, C4<0>;
v0x7fa833f20_0 .net/2u *"_ivl_240", 3 0, L_0x7fac540a0;  1 drivers
v0x7fa874000_0 .net *"_ivl_242", 0 0, L_0x7fb080500;  1 drivers
L_0x7fac540e8 .functor BUFT 1, C4<0001>, C4<0>, C4<0>, C4<0>;
v0x7fa8740a0_0 .net/2u *"_ivl_246", 3 0, L_0x7fac540e8;  1 drivers
v0x7fa874140_0 .net *"_ivl_248", 0 0, L_0x7fb0805a0;  1 drivers
L_0x7fac54130 .functor BUFT 1, C4<0000>, C4<0>, C4<0>, C4<0>;
v0x7fa8741e0_0 .net/2u *"_ivl_252", 3 0, L_0x7fac54130;  1 drivers
v0x7fa874280_0 .net *"_ivl_254", 0 0, L_0x7fb080640;  1 drivers
v0x7fa874320_0 .net *"_ivl_256", 0 0, L_0x7fb09a6f0;  1 drivers
v0x7fa8743c0_0 .net *"_ivl_258", 0 0, L_0x7fb09a760;  1 drivers
v0x7fa874460_0 .net *"_ivl_26", 0 0, L_0x7fb098000;  1 drivers
v0x7fa874500_0 .net *"_ivl_262", 0 0, L_0x7fb09a840;  1 drivers
v0x7fa8745a0_0 .net *"_ivl_264", 0 0, L_0x7fb09a8b0;  1 drivers
v0x7fa874640_0 .net *"_ivl_266", 0 0, L_0x7fb09a920;  1 drivers
v0x7fa8746e0_0 .net *"_ivl_268", 0 0, L_0x7fb09a990;  1 drivers
v0x7fa874780_0 .net *"_ivl_270", 0 0, L_0x7fb09aa00;  1 drivers
v0x7fa874820_0 .net *"_ivl_274", 0 0, L_0x7fb09aae0;  1 drivers
v0x7fa8748c0_0 .net *"_ivl_276", 0 0, L_0x7fb09ab50;  1 drivers
v0x7fa874960_0 .net *"_ivl_278", 0 0, L_0x7fb09abc0;  1 drivers
v0x7fa874a00_0 .net *"_ivl_28", 0 0, L_0x7fb098070;  1 drivers
v0x7fa874aa0_0 .net *"_ivl_280", 0 0, L_0x7fb09ac30;  1 drivers
v0x7fa874b40_0 .net *"_ivl_284", 0 0, L_0x7fb09ad10;  1 drivers
v0x7fa874be0_0 .net *"_ivl_286", 0 0, L_0x7fb09ad80;  1 drivers
v0x7fa874c80_0 .net *"_ivl_288", 0 0, L_0x7fb09adf0;  1 drivers
v0x7fa874d20_0 .net *"_ivl_292", 0 0, L_0x7fb09aed0;  1 drivers
v0x7fa874dc0_0 .net *"_ivl_294", 0 0, L_0x7fb09af40;  1 drivers
v0x7fa874e60_0 .net *"_ivl_296", 0 0, L_0x7fb09afb0;  1 drivers
v0x7fa874f00_0 .net *"_ivl_30", 0 0, L_0x7fb0980e0;  1 drivers
v0x7fa874fa0_0 .net *"_ivl_303", 0 0, L_0x7fa85a800;  1 drivers
v0x7fa875040_0 .net *"_ivl_307", 0 0, L_0x7fa85a8a0;  1 drivers
v0x7fa8750e0_0 .net *"_ivl_311", 0 0, L_0x7fa85a940;  1 drivers
v0x7fa875180_0 .net *"_ivl_314", 0 0, L_0x7fb09b1e0;  1 drivers
v0x7fa875220_0 .net *"_ivl_318", 0 0, L_0x7fb09b2c0;  1 drivers
v0x7fa8752c0_0 .net *"_ivl_32", 0 0, L_0x7fb098150;  1 drivers
v0x7fa875360_0 .net *"_ivl_322", 0 0, L_0x7fb09b3a0;  1 drivers
v0x7fa875400_0 .net *"_ivl_326", 0 0, L_0x7fb09b480;  1 drivers
v0x7fa8754a0_0 .net *"_ivl_328", 0 0, L_0x7fb09b4f0;  1 drivers
v0x7fa875540_0 .net *"_ivl_330", 0 0, L_0x7fb09b560;  1 drivers
v0x7fa8755e0_0 .net *"_ivl_332", 0 0, L_0x7fb09b5d0;  1 drivers
v0x7fa875680_0 .net *"_ivl_334", 0 0, L_0x7fb09b640;  1 drivers
v0x7fa875720_0 .net *"_ivl_336", 0 0, L_0x7fb09b6b0;  1 drivers
v0x7fa8757c0_0 .net *"_ivl_34", 0 0, L_0x7fb0981c0;  1 drivers
v0x7fa875860_0 .net *"_ivl_340", 0 0, L_0x7fb09b790;  1 drivers
v0x7fa875900_0 .net *"_ivl_38", 0 0, L_0x7fb0982a0;  1 drivers
v0x7fa8759a0_0 .net *"_ivl_4", 0 0, L_0x104fe9280;  1 drivers
v0x7fa875a40_0 .net *"_ivl_40", 0 0, L_0x7fb098310;  1 drivers
v0x7fa875ae0_0 .net *"_ivl_42", 0 0, L_0x7fb098380;  1 drivers
v0x7fa875b80_0 .net *"_ivl_44", 0 0, L_0x7fb0983f0;  1 drivers
v0x7fa875c20_0 .net *"_ivl_46", 0 0, L_0x7fb098460;  1 drivers
v0x7fa875cc0_0 .net *"_ivl_50", 0 0, L_0x7fb098540;  1 drivers
v0x7fa875d60_0 .net *"_ivl_54", 0 0, L_0x7fb098620;  1 drivers
v0x7fa875e00_0 .net *"_ivl_58", 0 0, L_0x7fb098700;  1 drivers
v0x7fa875ea0_0 .net *"_ivl_6", 0 0, L_0x104fe9030;  1 drivers
v0x7fa875f40_0 .net *"_ivl_60", 0 0, L_0x7fb098770;  1 drivers
v0x7fa875fe0_0 .net *"_ivl_64", 0 0, L_0x7fb098850;  1 drivers
v0x7fa876080_0 .net *"_ivl_66", 0 0, L_0x7fb0988c0;  1 drivers
v0x7fa876120_0 .net *"_ivl_70", 0 0, L_0x7fb0989a0;  1 drivers
v0x7fa8761c0_0 .net *"_ivl_72", 0 0, L_0x7fb098a10;  1 drivers
v0x7fa876260_0 .net *"_ivl_76", 0 0, L_0x7fb098af0;  1 drivers
v0x7fa876300_0 .net *"_ivl_80", 0 0, L_0x7fb098bd0;  1 drivers
v0x7fa8763a0_0 .net *"_ivl_84", 0 0, L_0x7fb098cb0;  1 drivers
v0x7fa876440_0 .net *"_ivl_88", 0 0, L_0x7fb098d90;  1 drivers
v0x7fa8764e0_0 .net *"_ivl_92", 0 0, L_0x7fb098e70;  1 drivers
v0x7fa876580_0 .net *"_ivl_94", 0 0, L_0x7fb098ee0;  1 drivers
v0x7fa876620_0 .net *"_ivl_96", 0 0, L_0x7fb080140;  1 drivers
v0x7fa8766c0_0 .net "a12", 0 0, v0x7fa87a760_0;  1 drivers
v0x7fa876760_0 .net "acb_ib", 0 0, L_0x7fb098230;  1 drivers
v0x7fa876800_0 .var "acc", 3 0;
v0x7fa8768a0_0 .net "acc_0", 0 0, L_0x7fa85a6c0;  alias, 1 drivers
v0x7fa876940_0 .net "acc_ada", 0 0, L_0x7fb098b60;  1 drivers
v0x7fa8769e0_0 .net "acc_adac", 0 0, L_0x7fb098a80;  1 drivers
v0x7fa876a80_0 .net "acc_in", 3 0, L_0x104fedea0;  1 drivers
v0x7fa876b20_0 .var "acc_out", 3 0;
v0x7fa876bc0_0 .net "adc_cy", 0 0, L_0x7fb0985b0;  1 drivers
v0x7fa876c60_0 .net "add_0", 0 0, L_0x7fa85a760;  alias, 1 drivers
v0x7fa876d00_0 .net "add_acc", 0 0, L_0x7fb098690;  1 drivers
v0x7fa876da0_0 .net "add_group_4", 0 0, L_0x7fac54298;  1 drivers
v0x7fa876e40_0 .net "add_ib", 0 0, L_0x104fe4db0;  1 drivers
v0x7fa876ee0_0 .net "adsl", 0 0, L_0x7fb098930;  1 drivers
v0x7fa876f80_0 .net "adsr", 0 0, L_0x7fb0987e0;  1 drivers
v0x7fa877020_0 .net "cma", 0 0, L_0x7fac54178;  1 drivers
v0x7fa8770c0_0 .net "cmram0", 0 0, L_0x7fb09b720;  alias, 1 drivers
v0x7fa877160_0 .net "cmram1", 0 0, L_0x7fb09b410;  alias, 1 drivers
v0x7fa877200_0 .net "cmram2", 0 0, L_0x7fb09b330;  alias, 1 drivers
v0x7fa8772a0_0 .net "cmram3", 0 0, L_0x7fb09b250;  alias, 1 drivers
v0x7fa877340_0 .net "cmrom", 0 0, L_0x7fb09b800;  alias, 1 drivers
v0x7fa8773e0_0 .net "com_n", 0 0, L_0x7fac547a8;  1 drivers
v0x7fa877480_0 .var "cy", 0 0;
v0x7fa877520_0 .var "cy_1", 0 0;
v0x7fa8775c0_0 .net "cy_ada", 0 0, L_0x7fb098c40;  1 drivers
v0x7fa877660_0 .net "cy_adac", 0 0, L_0x7fb098d20;  1 drivers
v0x7fa877700_0 .net "cy_ib", 0 0, L_0x104fdc120;  1 drivers
v0x7fa8777a0_0 .net "daa", 0 0, L_0x7fac544d8;  1 drivers
v0x7fa877840_0 .net "data", 3 0, L_0x7fa87c000;  alias, 1 drivers
v0x7fa8778e0_0 .net "dcl", 0 0, L_0x7fac54520;  1 drivers
v0x7fa877980_0 .var "dout", 3 0;
v0x7fa877a20_0 .net "inc_group_5", 0 0, L_0x7fac542e0;  1 drivers
v0x7fa877ac0_0 .net "inc_isz", 0 0, L_0x7fac54568;  1 drivers
v0x7fa877b60_0 .net "ior", 0 0, L_0x7fac54370;  1 drivers
v0x7fa877c00_0 .net "iow", 0 0, L_0x7fac543b8;  1 drivers
v0x7fa877ca0_0 .net "kbp", 0 0, L_0x7fac545b0;  1 drivers
v0x7fa877d40_0 .net "m12", 0 0, v0x7fa87ada0_0;  1 drivers
v0x7fa877de0_0 .net "n0342", 0 0, L_0x7fac546d0;  1 drivers
v0x7fa877e80_0 .net "n0345", 0 0, L_0x7fb09a530;  1 drivers
v0x7fa877f20_0 .net "n0351", 0 0, L_0x104fe90a0;  1 drivers
v0x7fa878000_0 .net "n0354", 0 0, L_0x7fb09a5a0;  1 drivers
v0x7fa8780a0_0 .net "n0355", 0 0, L_0x7fb09b090;  1 drivers
v0x7fa878140_0 .net "n0357", 0 0, L_0x7fb09b020;  1 drivers
v0x7fa8781e0_0 .net "n0358", 0 0, L_0x7fb09aa70;  1 drivers
v0x7fa878280_0 .net "n0359", 0 0, L_0x7fb09ae60;  1 drivers
v0x7fa878320_0 .net "n0363", 0 0, L_0x7fb09a610;  1 drivers
v0x7fa8783c0_0 .net "n0364", 0 0, L_0x7fb09b100;  1 drivers
v0x7fa878460_0 .net "n0366", 0 0, L_0x7fb09aca0;  1 drivers
v0x7fa878500_0 .net "n0370", 0 0, L_0x7fb09a680;  1 drivers
v0x7fa8785a0_0 .net "n0371", 0 0, L_0x7fb09b170;  1 drivers
v0x7fa878640_0 .net "n0377", 0 0, L_0x7fb09a7d0;  1 drivers
v0x7fa8786e0_0 .net "n0378", 0 0, L_0x7fb09a4c0;  1 drivers
v0x7fa878780_0 .net "n0403", 0 0, L_0x7fb09a370;  1 drivers
v0x7fa878820_0 .net "n0415", 0 0, L_0x104fe8ec0;  1 drivers
v0x7fa8788c0_0 .net "n0477", 0 0, L_0x7fb0984d0;  1 drivers
v0x7fa878960_0 .net "n0514", 0 0, L_0x104fdc350;  1 drivers
v0x7fa878a00_0 .net "n0546", 0 0, L_0x7fb098e00;  1 drivers
v0x7fa878aa0_0 .var "n0550", 0 0;
v0x7fa878b40_0 .net "n0553", 0 0, L_0x104fe4e90;  1 drivers
v0x7fa878be0_0 .net "n0556", 0 0, L_0x104fdc190;  1 drivers
v0x7fa878c80_0 .net "n0559", 0 0, L_0x104fdc200;  1 drivers
v0x7fa878d20_0 .var "n0749", 0 0;
v0x7fa878dc0_0 .var "n0750", 0 0;
v0x7fa878e60_0 .var "n0751", 0 0;
v0x7fa878f00_0 .net "n0803", 0 0, L_0x7fb09a220;  1 drivers
v0x7fa878fa0_0 .net "n0846", 0 0, L_0x7fb099ff0;  1 drivers
v0x7fa879040_0 .net "n0847", 0 0, L_0x104fdc2e0;  1 drivers
v0x7fa8790e0_0 .net "n0848", 0 0, L_0x7fb09a060;  1 drivers
v0x7fa879180_0 .net "n0854", 0 0, L_0x104fe9210;  1 drivers
v0x7fa879220_0 .net "n0861", 0 0, L_0x104fdc270;  1 drivers
v0x7fa8792c0_0 .var "n0870", 0 0;
v0x7fa879360_0 .var "n0871", 0 0;
v0x7fa879400_0 .var "n0872", 0 0;
v0x7fa8794a0_0 .var "n0873", 0 0;
v0x7fa879540_0 .net "n0875", 0 0, L_0x7fb099c70;  1 drivers
v0x7fa8795e0_0 .net "n0877", 0 0, L_0x7fb099650;  1 drivers
v0x7fa879680_0 .net "n0878", 0 0, L_0x7fb099960;  1 drivers
v0x7fa879720_0 .net "n0879", 0 0, L_0x7fb099f80;  1 drivers
v0x7fa8797c0_0 .var "n0887", 0 0;
v0x7fa879860_0 .var "n0889", 0 0;
v0x7fa879900_0 .var "n0891", 0 0;
v0x7fa8799a0_0 .var "n0893", 0 0;
v0x7fa879a40_0 .net "n0911", 0 0, L_0x7fb098f50;  1 drivers
v0x7fa879ae0_0 .net "n0912", 0 0, L_0x7fb0990a0;  1 drivers
v0x7fa879b80_0 .net "n0913", 0 0, L_0x7fb0991f0;  1 drivers
v0x7fa879c20_0 .net "n0914", 0 0, L_0x7fb099340;  1 drivers
v0x7fa879cc0_0 .net "o_ib", 0 0, L_0x7fac545f8;  1 drivers
v0x7fa879d60_0 .net "ope_n", 0 0, L_0x7fac54490;  1 drivers
v0x7fa879e00_0 .net "poc", 0 0, v0x7fa87ae40_0;  1 drivers
v0x7fa879ea0_0 .net "ral", 0 0, L_0x7fac54400;  1 drivers
v0x7fa879f40_0 .net "rar", 0 0, L_0x7fac54448;  1 drivers
v0x7fa879fe0_0 .net "read_acc_3", 0 0, L_0x7fac54250;  1 drivers
v0x7fa87a080_0 .net "sub_group_6", 0 0, L_0x7fac54328;  1 drivers
v0x7fa87a120_0 .net "sysclk", 0 0, v0x7fa87b020_0;  1 drivers
v0x7fa87a1c0_0 .net "tcs", 0 0, L_0x7fac54640;  1 drivers
v0x7fa87a260_0 .var "tmp", 3 0;
v0x7fa87a300_0 .net "write_acc_1", 0 0, L_0x7fac541c0;  1 drivers
v0x7fa87a3a0_0 .net "write_carry_2", 0 0, L_0x7fac54208;  1 drivers
v0x7fa87a440_0 .net "x12", 0 0, v0x7fa87b0c0_0;  1 drivers
v0x7fa87a4e0_0 .net "x21_clk2", 0 0, L_0x7fac54718;  1 drivers
v0x7fa87a580_0 .net "x31_clk2", 0 0, L_0x7fac54760;  1 drivers
v0x7fa87a620_0 .net "xch", 0 0, L_0x7fac54688;  1 drivers
E_0x7fb005480 .event posedge, v0x7fa87a120_0;
E_0x7fb0054c0/0 .event anyedge, v0x7fa876760_0, v0x7fa876b20_0, v0x7fa876e40_0, v0x7fa876a80_0;
E_0x7fb0054c0/1 .event anyedge, v0x7fa877700_0, v0x7fa877520_0, v0x7fa878820_0, v0x7fa8781e0_0;
E_0x7fb0054c0/2 .event anyedge, v0x7fa878460_0, v0x7fa878280_0, v0x7fa878140_0;
E_0x7fb0054c0 .event/or E_0x7fb0054c0/0, E_0x7fb0054c0/1, E_0x7fb0054c0/2;
L_0x7fb080140 .functor MUXZ 1, L_0x7fb098ee0, L_0x7fb098e70, v0x7fa878aa0_0, C4<>;
L_0x7fb0801e0 .functor MUXZ 1, L_0x7fb099030, L_0x7fb098fc0, L_0x104fe4e90, C4<>;
L_0x7fb080280 .functor MUXZ 1, L_0x7fb099180, L_0x7fb099110, L_0x104fdc190, C4<>;
L_0x7fb080320 .functor MUXZ 1, L_0x7fb0992d0, L_0x7fb099260, L_0x104fdc200, C4<>;
L_0x7fa85aa80 .part v0x7fa876b20_0, 3, 1;
L_0x7fa85ab20 .part v0x7fa876b20_0, 2, 1;
L_0x7fa85a620 .part v0x7fa876b20_0, 1, 1;
L_0x104fedea0 .concat [ 1 1 1 1], L_0x7fb099ff0, L_0x104fdc2e0, L_0x7fb09a060, L_0x104fdc350;
L_0x7fa85a6c0 .reduce/nor v0x7fa876b20_0;
L_0x7fa85a760 .reduce/nor L_0x104fedea0;
L_0x7fb0803c0 .cmp/eq 4, v0x7fa876b20_0, L_0x7fac54010;
L_0x7fb080460 .cmp/eq 4, v0x7fa876b20_0, L_0x7fac54058;
L_0x7fb080500 .cmp/eq 4, v0x7fa876b20_0, L_0x7fac540a0;
L_0x7fb0805a0 .cmp/eq 4, v0x7fa876b20_0, L_0x7fac540e8;
L_0x7fb080640 .cmp/eq 4, v0x7fa876b20_0, L_0x7fac54130;
L_0x7fa85a800 .part v0x7fa876b20_0, 2, 1;
L_0x7fa85a8a0 .part v0x7fa876b20_0, 1, 1;
L_0x7fa85a940 .part v0x7fa876b20_0, 0, 1;
    .scope S_0x104fe4be0;
T_0 ;
    %wait E_0x7fb005480;
    %load/vec4 v0x7fa877de0_0;
    %inv;
    %flag_set/vec4 8;
    %jmp/0xz  T_0.0, 8;
    %load/vec4 v0x7fa877840_0;
    %assign/vec4 v0x7fa87a260_0, 0;
T_0.0 ;
    %load/vec4 v0x7fa877d40_0;
    %flag_set/vec4 8;
    %jmp/0xz  T_0.2, 8;
    %pushi/vec4 15, 0, 4;
    %assign/vec4 v0x7fa87a260_0, 0;
T_0.2 ;
    %jmp T_0;
    .thread T_0;
    .scope S_0x104fe4be0;
T_1 ;
    %wait E_0x7fb005480;
    %load/vec4 v0x7fa87a080_0;
    %flag_set/vec4 8;
    %jmp/0xz  T_1.0, 8;
    %load/vec4 v0x7fa87a260_0;
    %parti/s 1, 0, 2;
    %assign/vec4 v0x7fa8797c0_0, 0;
    %load/vec4 v0x7fa87a260_0;
    %parti/s 1, 1, 2;
    %inv;
    %assign/vec4 v0x7fa879860_0, 0;
    %load/vec4 v0x7fa87a260_0;
    %parti/s 1, 2, 3;
    %assign/vec4 v0x7fa879900_0, 0;
    %load/vec4 v0x7fa87a260_0;
    %parti/s 1, 3, 3;
    %inv;
    %assign/vec4 v0x7fa8799a0_0, 0;
T_1.0 ;
    %load/vec4 v0x7fa87a080_0;
    %load/vec4 v0x7fa877d40_0;
    %or;
    %inv;
    %flag_set/vec4 8;
    %jmp/0xz  T_1.2, 8;
    %load/vec4 v0x7fa87a260_0;
    %parti/s 1, 0, 2;
    %inv;
    %assign/vec4 v0x7fa8797c0_0, 0;
    %load/vec4 v0x7fa87a260_0;
    %parti/s 1, 1, 2;
    %assign/vec4 v0x7fa879860_0, 0;
    %load/vec4 v0x7fa87a260_0;
    %parti/s 1, 2, 3;
    %inv;
    %assign/vec4 v0x7fa879900_0, 0;
    %load/vec4 v0x7fa87a260_0;
    %parti/s 1, 3, 3;
    %assign/vec4 v0x7fa8799a0_0, 0;
T_1.2 ;
    %jmp T_1;
    .thread T_1;
    .scope S_0x104fe4be0;
T_2 ;
    %wait E_0x7fb005480;
    %load/vec4 v0x7fa877d40_0;
    %flag_set/vec4 8;
    %jmp/0xz  T_2.0, 8;
    %pushi/vec4 10, 0, 4;
    %split/vec4 1;
    %assign/vec4 v0x7fa8792c0_0, 0;
    %split/vec4 1;
    %assign/vec4 v0x7fa879360_0, 0;
    %split/vec4 1;
    %assign/vec4 v0x7fa879400_0, 0;
    %assign/vec4 v0x7fa8794a0_0, 0;
T_2.0 ;
    %load/vec4 v0x7fa876940_0;
    %flag_set/vec4 8;
    %jmp/0xz  T_2.2, 8;
    %load/vec4 v0x7fa876800_0;
    %split/vec4 1;
    %assign/vec4 v0x7fa8792c0_0, 0;
    %split/vec4 1;
    %assign/vec4 v0x7fa879360_0, 0;
    %split/vec4 1;
    %assign/vec4 v0x7fa879400_0, 0;
    %assign/vec4 v0x7fa8794a0_0, 0;
T_2.2 ;
    %load/vec4 v0x7fa8769e0_0;
    %flag_set/vec4 8;
    %jmp/0xz  T_2.4, 8;
    %load/vec4 v0x7fa876800_0;
    %inv;
    %split/vec4 1;
    %assign/vec4 v0x7fa8792c0_0, 0;
    %split/vec4 1;
    %assign/vec4 v0x7fa879360_0, 0;
    %split/vec4 1;
    %assign/vec4 v0x7fa879400_0, 0;
    %assign/vec4 v0x7fa8794a0_0, 0;
T_2.4 ;
    %jmp T_2;
    .thread T_2;
    .scope S_0x104fe4be0;
T_3 ;
    %wait E_0x7fb005480;
    %load/vec4 v0x7fa877d40_0;
    %flag_set/vec4 8;
    %jmp/0xz  T_3.0, 8;
    %pushi/vec4 0, 0, 1;
    %assign/vec4 v0x7fa878aa0_0, 0;
T_3.0 ;
    %load/vec4 v0x7fa878a00_0;
    %flag_set/vec4 8;
    %jmp/0xz  T_3.2, 8;
    %pushi/vec4 1, 0, 1;
    %assign/vec4 v0x7fa878aa0_0, 0;
T_3.2 ;
    %load/vec4 v0x7fa877660_0;
    %flag_set/vec4 8;
    %jmp/0xz  T_3.4, 8;
    %load/vec4 v0x7fa877480_0;
    %inv;
    %assign/vec4 v0x7fa878aa0_0, 0;
T_3.4 ;
    %load/vec4 v0x7fa8775c0_0;
    %flag_set/vec4 8;
    %jmp/0xz  T_3.6, 8;
    %load/vec4 v0x7fa877480_0;
    %assign/vec4 v0x7fa878aa0_0, 0;
T_3.6 ;
    %jmp T_3;
    .thread T_3;
    .scope S_0x104fe4be0;
T_4 ;
    %wait E_0x7fb005480;
    %load/vec4 v0x7fa876f80_0;
    %flag_set/vec4 8;
    %jmp/0xz  T_4.0, 8;
    %load/vec4 v0x7fa877520_0;
    %load/vec4 v0x7fa876a80_0;
    %concat/vec4; draw_concat_vec4
    %split/vec4 1;
    %assign/vec4 v0x7fa877480_0, 0;
    %assign/vec4 v0x7fa876800_0, 0;
T_4.0 ;
    %load/vec4 v0x7fa876d00_0;
    %flag_set/vec4 8;
    %jmp/0xz  T_4.2, 8;
    %load/vec4 v0x7fa876a80_0;
    %assign/vec4 v0x7fa876800_0, 0;
T_4.2 ;
    %load/vec4 v0x7fa876ee0_0;
    %flag_set/vec4 8;
    %jmp/0xz  T_4.4, 8;
    %load/vec4 v0x7fa876a80_0;
    %load/vec4 v0x7fa877520_0;
    %concat/vec4; draw_concat_vec4
    %split/vec4 4;
    %assign/vec4 v0x7fa876800_0, 0;
    %assign/vec4 v0x7fa877480_0, 0;
T_4.4 ;
    %load/vec4 v0x7fa876bc0_0;
    %flag_set/vec4 8;
    %jmp/0xz  T_4.6, 8;
    %load/vec4 v0x7fa879220_0;
    %assign/vec4 v0x7fa877480_0, 0;
T_4.6 ;
    %load/vec4 v0x7fa878780_0;
    %load/vec4 v0x7fa878820_0;
    %and;
    %flag_set/vec4 8;
    %jmp/0xz  T_4.8, 8;
    %pushi/vec4 1, 0, 1;
    %assign/vec4 v0x7fa877480_0, 0;
T_4.8 ;
    %jmp T_4;
    .thread T_4;
    .scope S_0x104fe4be0;
T_5 ;
    %wait E_0x7fb005480;
    %load/vec4 v0x7fa879180_0;
    %flag_set/vec4 8;
    %jmp/0xz  T_5.0, 8;
    %load/vec4 v0x7fa877480_0;
    %assign/vec4 v0x7fa877520_0, 0;
    %load/vec4 v0x7fa876800_0;
    %assign/vec4 v0x7fa876b20_0, 0;
T_5.0 ;
    %jmp T_5;
    .thread T_5;
    .scope S_0x104fe4be0;
T_6 ;
    %wait E_0x7fb0054c0;
    %pushi/vec4 0, 15, 4;
    %store/vec4 v0x7fa877980_0, 0, 4;
    %load/vec4 v0x7fa876760_0;
    %flag_set/vec4 8;
    %jmp/0xz  T_6.0, 8;
    %load/vec4 v0x7fa876b20_0;
    %store/vec4 v0x7fa877980_0, 0, 4;
T_6.0 ;
    %load/vec4 v0x7fa876e40_0;
    %flag_set/vec4 8;
    %jmp/0xz  T_6.2, 8;
    %load/vec4 v0x7fa876a80_0;
    %store/vec4 v0x7fa877980_0, 0, 4;
T_6.2 ;
    %load/vec4 v0x7fa877700_0;
    %flag_set/vec4 8;
    %jmp/0xz  T_6.4, 8;
    %pushi/vec4 7, 7, 3;
    %load/vec4 v0x7fa877520_0;
    %concat/vec4; draw_concat_vec4
    %store/vec4 v0x7fa877980_0, 0, 4;
T_6.4 ;
    %load/vec4 v0x7fa878820_0;
    %flag_set/vec4 8;
    %jmp/0xz  T_6.6, 8;
    %load/vec4 v0x7fa8781e0_0;
    %load/vec4 v0x7fa878460_0;
    %concat/vec4; draw_concat_vec4
    %load/vec4 v0x7fa878280_0;
    %concat/vec4; draw_concat_vec4
    %load/vec4 v0x7fa878140_0;
    %concat/vec4; draw_concat_vec4
    %store/vec4 v0x7fa877980_0, 0, 4;
T_6.6 ;
    %jmp T_6;
    .thread T_6, $push;
    .scope S_0x104fe4be0;
T_7 ;
    %wait E_0x7fb005480;
    %load/vec4 v0x7fa879e00_0;
    %flag_set/vec4 8;
    %jmp/0xz  T_7.0, 8;
    %pushi/vec4 1, 0, 1;
    %assign/vec4 v0x7fa878d20_0, 0;
    %pushi/vec4 1, 0, 1;
    %assign/vec4 v0x7fa878dc0_0, 0;
    %pushi/vec4 1, 0, 1;
    %assign/vec4 v0x7fa878e60_0, 0;
    %jmp T_7.1;
T_7.0 ;
    %load/vec4 v0x7fa877f20_0;
    %flag_set/vec4 8;
    %jmp/0xz  T_7.2, 8;
    %load/vec4 v0x7fa8780a0_0;
    %assign/vec4 v0x7fa878d20_0, 0;
    %load/vec4 v0x7fa8783c0_0;
    %assign/vec4 v0x7fa878dc0_0, 0;
    %load/vec4 v0x7fa8785a0_0;
    %assign/vec4 v0x7fa878e60_0, 0;
T_7.2 ;
T_7.1 ;
    %jmp T_7;
    .thread T_7;
    .scope S_0x104fe9570;
T_8 ;
    %pushi/vec4 0, 0, 1;
    %store/vec4 v0x7fa87b020_0, 0, 1;
    %end;
    .thread T_8;
    .scope S_0x104fe9570;
T_9 ;
    %delay 5000, 0;
    %load/vec4 v0x7fa87b020_0;
    %inv;
    %store/vec4 v0x7fa87b020_0, 0, 1;
    %jmp T_9;
    .thread T_9;
    .scope S_0x104fe9570;
T_10 ;
    %pushi/vec4 0, 0, 1;
    %store/vec4 v0x7fa87aee0_0, 0, 1;
    %delay 50000, 0;
    %pushi/vec4 1, 0, 1;
    %store/vec4 v0x7fa87aee0_0, 0, 1;
    %end;
    .thread T_10;
    .scope S_0x104fe9570;
T_11 ;
    %vpi_func 3 10 "$value$plusargs" 32, "seed=%d", v0x7fa87af80_0 {0 0 0};
    %nor/r;
    %flag_set/vec4 8;
    %jmp/0xz  T_11.0, 8;
    %pushi/vec4 1, 0, 32;
    %store/vec4 v0x7fa87af80_0, 0, 32;
T_11.0 ;
    %vpi_func 3 11 "$urandom" 32, v0x7fa87af80_0 {0 0 0};
    %store/vec4 v0x7fa87a6c0_0, 0, 32;
    %end;
    .thread T_11;
    .scope S_0x104fe9570;
T_12 ;
    %pushi/vec4 0, 0, 1;
    %store/vec4 v0x7fa87a760_0, 0, 1;
    %pushi/vec4 0, 0, 1;
    %store/vec4 v0x7fa87ada0_0, 0, 1;
    %pushi/vec4 0, 0, 1;
    %store/vec4 v0x7fa87b0c0_0, 0, 1;
    %pushi/vec4 1, 0, 1;
    %store/vec4 v0x7fa87ae40_0, 0, 1;
    %delay 100000, 0;
    %pushi/vec4 0, 0, 1;
    %store/vec4 v0x7fa87ae40_0, 0, 1;
    %pushi/vec4 200, 0, 32;
T_12.0 %dup/vec4;
    %pushi/vec4 0, 0, 32;
    %cmp/s;
    %jmp/1xz T_12.1, 5;
    %jmp/1 T_12.1, 4;
    %pushi/vec4 1, 0, 32;
    %sub;
    %wait E_0x7fb005480;
    %vpi_func 3 26 "$urandom_range" 32, 32'sb00000000000000000000000000000000, 32'sb00000000000000000000000000000001 {0 0 0};
    %pad/u 1;
    %assign/vec4 v0x7fa87a760_0, 0;
    %vpi_func 3 27 "$urandom_range" 32, 32'sb00000000000000000000000000000000, 32'sb00000000000000000000000000000001 {0 0 0};
    %pad/u 1;
    %assign/vec4 v0x7fa87ada0_0, 0;
    %vpi_func 3 28 "$urandom_range" 32, 32'sb00000000000000000000000000000000, 32'sb00000000000000000000000000000001 {0 0 0};
    %pad/u 1;
    %assign/vec4 v0x7fa87b0c0_0, 0;
    %jmp T_12.0;
T_12.1 ;
    %pop/vec4 1;
    %delay 200000, 0;
    %vpi_call/w 3 30 "$finish" {0 0 0};
    %end;
    .thread T_12;
    .scope S_0x104fe9570;
T_13 ;
    %wait E_0x7fb005480;
    %load/vec4 v0x7fa87aee0_0;
    %flag_set/vec4 8;
    %jmp/0xz  T_13.0, 8;
    %vpi_call/w 3 53 "$display", "%t cy_1=%0d add_0=%0d acc_0=%0d cmrom=%0d cmram=%0d%0d%0d%0d", $time, v0x7fa87ac60_0, v0x7fa87a8a0_0, v0x7fa87a800_0, v0x7fa87abc0_0, v0x7fa87ab20_0, v0x7fa87aa80_0, v0x7fa87a9e0_0, v0x7fa87a940_0 {0 0 0};
T_13.0 ;
    %jmp T_13;
    .thread T_13;
# The file index is used to find the file name in the following table.
:file_names 5;
    "N/A";
    "<interactive>";
    "-";
    "ams/tb/tb_4004_baseline.sv";
    "verilog_files/4004.v";
